data/processed/20727_timeseries.csv
date,day_of_week,day_of_year,price,demand,revenue,seasonal
2021-12-13,0,347,51.16118116863164,26,1330.1907103844228,1.034609283868396
2021-12-14,1,348,51.32948133667248,28,1437.2254774268295,1.0695193684133277
2021-12-15,2,349,51.41612532894628,37,1902.3966371710123,1.2033590390741125
2021-12-16,3,350,51.530244167330956,38,1958.1492783585763,1.3371578357478235
2021-12-17,4,351,51.48181445274995,45,2316.6816503737477,1.3719453104433235
2021-12-18,5,352,51.46612863194519,34,1749.8483734861363,1.2832772854183394
2021-12-19,6,353,51.316201629549056,28,1436.8536456273737,1.139642319027479
2021-12-20,0,354,51.261314867962284,18,922.703667623321,1.0508879352221348
2021-12-21,1,355,51.31295782077117,26,1334.1369033400504,1.0855027179469174
2021-12-22,2,356,51.44854349131904,28,1440.5592177569333,1.2190425406318746
2021-12-23,3,357,51.33271996094122,38,1950.6433585157663,1.3525370320254952
2021-12-24,4,358,51.294483111966244,36,1846.6013920307848,1.3870158343088987
2021-12-25,5,359,51.27865517362472,42,2153.7035172922383,1.298034861206072
2021-12-26,6,360,51.13263680422329,33,1687.3770145393685,1.1540827638049005
2021-12-27,0,361,51.19449990782998,39,1996.5854964053692,1.065007160029541
2021-12-28,1,362,51.118760757865644,34,1738.0378657674319,1.0992967290090152
2021-12-29,2,363,51.09832029276473,43,2197.2277725888835,1.2325074405412244
2021-12-30,3,364,51.05104029501513,41,2093.09265209562,1.365669020897396
2021-12-31,4,365,50.96846484499022,36,1834.864734419648,1.3998112109073693
2022-01-01,5,1,50.96772784452431,40,2038.7091137809725,1.3104900240406052
2022-01-02,6,2,50.94517217563077,27,1375.5196487420308,1.166194212197691
2022-01-03,0,3,50.90627082753744,29,1476.2818539985858,1.0767714951527934
2022-01-04,1,4,50.83006392036105,27,1372.4117258497483,1.1107106548920673
2022-01-05,2,5,50.86349050894475,37,1881.9491488309557,1.2435677650472368
2022-01-06,3,6,51.03648117027099,39,1990.4227656405685,1.37637265666924
2022-01-07,4,7,51.05111526086802,41,2093.095725695589,1.4101551762824953
2022-01-08,5,8,51.15532265640019,42,2148.5235515688078,1.3204714439345784
2022-01-09,6,9,51.009886699238336,27,1377.266940879435,1.1758103189561133
2022-01-10,0,10,51.02639067282111,29,1479.765329511812,1.0860196293714328
2022-01-11,1,11,50.911591151290736,28,1425.5245522361406,1.1195882662048986
2022-01-12,2,12,50.75708489109916,25,1268.927122277479,1.252072412882171
2022-01-13,3,13,50.67973667323817,32,1621.7515735436214,1.3845020109713169
2022-01-14,4,14,50.80442541350664,33,1676.5460386457191,1.4179070182043307
2022-01-15,5,15,50.90380987785842,41,2087.0562049921955,1.327843666493839
2022-01-16,6,16,50.9292314481181,27,1375.0892490991887,1.182800927659886
2022-01-17,0,17,50.76889030478195,31,1573.8355994482404,1.0926267428072227
2022-01-18,1,18,50.74835670227542,30,1522.4507010682628,1.125810116598137
2022-01-19,2,19,50.77991859090376,35,1777.2971506816316,1.2579073466200446
2022-01-20,3,20,50.798282047200516,37,1879.536435746419,1.3899484890927694
2022-01-21,4,21,50.60539637925739,45,2277.2428370665825,1.4229636168560869
2022-01-22,5,22,50.51225712856491,28,1414.3431995998176,1.3325090773523236
2022-01-23,6,23,50.5055537305008,30,1515.166611915024,1.1870739583189076
2022-01-24,0,24,50.561656990226204,30,1516.8497097067861,1.09650631713131
2022-01-25,1,25,50.33191241065041,42,2113.940321247317,1.1292952750414127
2022-01-26,2,26,50.314952056964295,30,1509.4485617089288,1.2609972465106265
2022-01-27,3,27,50.3299168869614,36,1811.8770079306105,1.3926424048823345
2022-01-28,4,28,50.41879775592942,38,1915.9143147253178,1.4252609403349763
2022-01-29,5,29,50.49128000075468,32,1615.7209600241497,1.3344093178297476
2022-01-30,6,30,50.55222481527172,25,1263.805620381793,1.1885767427683485
2022-01-31,0,31,50.46854025300164,31,1564.5247478430508,1.097611390301049
2022-02-01,1,32,50.268937504649976,43,2161.564312699949,1.1300024995301583
2022-02-02,2,33,50.227818886892585,27,1356.1511099460997,1.261306602808209
2022-02-03,3,34,50.3326030803996,46,2315.2997416983817,1.3925539913755567
2022-02-04,4,35,50.4783772113533,52,2624.8756149903716,1.4247749732784054
2022-02-05,5,36,50.55271022749514,33,1668.2394375073395,1.333526131281663
2022-02-06,6,37,50.59762506618604,34,1720.3192522503255,1.1872967884916839
2022-02-07,0,38,50.63734049193255,32,1620.3948957418415,1.0959352376296305
2022-02-08,1,39,50.57916297310089,23,1163.3207483813205,1.1279308351999318
2022-02-09,2,40,50.5655569128457,30,1516.966707385371,1.258840230753763
2022-02-10,3,41,50.74016408862552,40,2029.606563545021,1.3896938324918982
2022-02-11,4,42,50.641559813097516,31,1569.888354206023,1.421522065148076
2022-02-12,5,43,50.81048744600448,32,1625.9355982721434,1.3298816278672805
2022-02-13,6,44,50.77679895927137,19,964.759180226156,1.1832619597939975
2022-02-14,0,45,50.915457028139045,33,1680.2100819285886,1.0915114693111958
2022-02-15,1,46,50.768285210637075,26,1319.975415476564,1.1231196281745093
2022-02-16,2,47,50.829578689584416,37,1880.6944115146234,1.2536432007415468
2022-02-17,3,48,50.752502599795385,43,2182.3576117912016,1.3841127095408183
2022-02-18,4,49,50.60444657005428,32,1619.342290241737,1.415558693121032
2022-02-19,5,50,50.627308177295134,35,1771.9557862053298,1.3235379638958389
2022-02-20,6,51,50.73291253667548,29,1471.2544635635888,1.1765400736984164
2022-02-21,0,52,50.64452027020047,32,1620.6246486464152,1.084413542987159
2022-02-22,1,53,50.487702990120475,29,1464.1433867134938,1.1156479549465104
2022-02-23,2,54,50.47809478946583,30,1514.342843683975,1.2458001846833435
2022-02-24,3,55,50.46894787522113,42,2119.6958107592877,1.375900864763059
2022-02-25,4,56,50.5263095010315,39,1970.5260705402284,1.406980643026279
2022-02-26,5,57,50.62564989618952,28,1417.5181970933065,1.314596440401203
2022-02-27,6,58,50.61943426715795,26,1316.1052909461066,1.1672379164260636
2022-02-28,0,59,50.81354493087396,29,1473.5928029953448,1.0747536984227268
2022-03-01,1,60,50.83700290841725,41,2084.3171192451073,1.1056334755661725
2022-03-02,2,61,50.80076202516273,37,1879.6281949310212,1.235434228049208
2022-03-03,3,62,50.632170351300275,28,1417.7007698364077,1.365186692587531
2022-03-04,4,63,50.60469262414485,31,1568.7454713484904,1.3959216202055413
2022-03-05,5,64,50.56950201428793,33,1668.7935664715017,1.3031960340181257
2022-03-06,6,65,50.669962843373824,24,1216.079108240972,1.1554996947228324
2022-03-07,0,66,50.718344865927826,25,1267.9586216481957,1.0626813297434978
2022-03-08,1,67,50.59496695485594,36,1821.4188103748138,1.093230727270063
2022-03-09,2,68,50.61298708610963,38,1923.293509272166,1.2227049653939481
2022-03-10,3,69,50.683238300651254,33,1672.5468639214914,1.352134877584092
2022-03-11,4,70,50.84309098266198,36,1830.3512753758312,1.3825513104441518
2022-03-12,5,71,50.93593586350469,30,1528.0780759051406,1.2895113814658457
2022-03-13,6,72,51.01553068172838,30,1530.4659204518514,1.1415049444932854
2022-03-14,0,73,51.0218164868799,18,918.3926967638382,1.048380818838941
2022-03-15,1,74,51.06243915809835,24,1225.4985397943603,1.078628883296243
2022-03-16,2,75,51.19315421727321,26,1331.0220096491034,1.2078063052481058
2022-03-17,3,76,51.053727732206994,30,1531.6118319662098,1.3369440061165059
2022-03-18,4,77,51.017171667233285,49,2499.841411694431,1.3670729190936164
2022-03-19,5,78,50.93635055988649,31,1579.0268673564813,1.2737502468694961
2022-03-20,6,79,50.9760150880709,18,917.5682715852762,1.1254659270712013
2022-03-21,0,80,51.10471291422391,30,1533.1413874267173,1.0320688613538853
2022-03-22,1,81,51.042261355073954,39,1990.6481928478843,1.0620490093889894
2022-03-23,2,82,50.79220329074534,35,1777.727115176087,1.1909636179488488
2022-03-24,3,83,50.74907944301292,36,1826.966859948465,1.3198436863327108
2022-03-25,4,84,50.8446411113728,35,1779.562438898048,1.3497202240748232
2022-03-26,5,85,50.90088444786436,30,1527.0265334359308,1.2561505086494875
2022-03-27,6,86,50.94567850244453,29,1477.4246765708913,1.1076245508879787
2022-03-28,0,87,50.91638742803385,21,1069.244135988711,1.0139913240479936
2022-03-29,1,88,50.782583568379565,23,1167.9994220727299,1.0437408577806118
2022-03-30,2,89,50.83649030192302,35,1779.2771605673058,1.1724304671941668
2022-03-31,3,90,50.74921317631467,36,1826.9716743473282,1.3010912182600096
2022-04-01,4,91,50.97769914190479,35,1784.2194699666677,1.3307541855008458
2022-04-02,5,92,51.03738188781287,33,1684.2336022978247,1.2369767096765103
2022-04-03,6,93,50.976638246723326,32,1631.2524238951464,1.0882488631821792
2022-04-04,0,94,50.912679106790485,19,967.3409030290192,0.9944196790995343
2022-04-05,1,95,50.902955889650165,20,1018.0591177930033,1.0239792451460166
2022-04-06,2,96,50.87790075950072,31,1577.2149235445222,1.152484932721487
2022-04-07,3,97,50.9947366302319,36,1835.8105186883483,1.2809678622973073
2022-04-08,4,98,51.01423827495972,34,1734.4841013486307,1.3104591610885281
2022-04-09,5,99,50.937699730779876,36,1833.7571903080755,1.2165162207240483
2022-04-10,6,100,51.1354653144819,25,1278.3866328620475,1.0676291626297563
2022-04-11,0,101,51.14062363076288,28,1431.9374616613607,0.9736470670651661
2022-04-12,1,102,51.221054626818564,32,1639.073748058194,1.0030600670587062
2022-04-13,2,103,51.157425933671846,26,1330.093074275468,1.131425577440907
2022-04-14,3,104,51.195412724072675,27,1382.2761435499622,1.2597747602206497
2022-04-15,4,105,51.22795902371439,37,1895.4344838774325,1.289138782245051
2022-04-16,5,106,51.03027623039643,21,1071.6358008383252,1.1950750728578723
2022-04-17,6,107,51.24110117807659,29,1485.9919341642212,1.0460737892714786
2022-04-18,0,108,51.37611998991786,23,1181.650759768111,0.9519840455928616
2022-04-19,1,109,51.334568004627805,20,1026.6913600925561,0.9812960067488782
2022-04-20,2,110,51.219255728326274,28,1434.1391603931356,1.109567117510089
2022-04-21,3,111,51.25561535916051,28,1435.1572300564942,1.2378285678579901
2022-04-22,4,112,51.2646851074287,33,1691.734608545147,1.2671115506367208
2022-04-23,5,113,51.30189287478666,27,1385.1511076192398,1.1729735192037192
2022-04-24,6,114,51.32193445338785,18,923.7948201609812,1.023904652794574
2022-04-25,0,115,51.37489408630843,19,976.1229876398602,0.9297540855425269
2022-04-26,1,116,51.52630177589267,23,1185.1049408455315,0.9590120003977722
2022-04-27,2,117,51.585733030651134,28,1444.4005248582318,1.087235858145959
2022-04-28,3,118,51.4759249133915,23,1183.9462730080045,1.2154568627706723
2022-04-29,4,119,51.61846735866011,35,1806.6463575531038,1.2447062191009919
2022-04-30,5,120,51.79009776173281,26,1346.5425418050531,1.1505413904586115
2022-05-01,6,121,52.11984539404814,20,1042.3969078809628,1.0014525640196579
2022-05-02,0,122,52.002312770563016,19,988.0439426406973,0.9072888798320127
2022-05-03,1,123,52.027721503816885,20,1040.5544300763377,0.9365405247326861
2022-05-04,2,124,51.80990590738231,29,1502.487271314087,1.0647649613652517
2022-05-05,3,125,51.86777276702229,23,1192.9587736415126,1.1929933935417605
2022-05-06,4,126,51.81042362467475,29,1502.5022851155677,1.222257023890346
2022-05-07,5,127,52.011641987842495,30,1560.3492596352748,1.1281133115030015
2022-05-08,6,128,51.930606818163305,27,1402.1263840904091,0.9790524372986319
2022-05-09,0,129,51.75389549783133,23,1190.3395964501206,0.8849235330423155
2022-05-10,1,130,51.704594956698536,20,1034.0918991339706,0.9142167752649931
2022-05-11,2,131,51.497932301139585,29,1493.440036733048,1.0424896142840265
2022-05-12,3,132,51.57650743084627,25,1289.4126857711567,1.1707732395688457
2022-05-13,4,133,51.360471901541956,31,1592.1746289478006,1.2000988373926236
2022-05-14,5,134,51.363448948215584,38,1951.8110600321922,1.106023848485082
2022-05-15,6,135,51.1460818175759,23,1176.3598818042456,0.9570384334009004
2022-05-16,0,136,51.11257434877772,28,1431.152081765776,0.8629917015449441
2022-05-17,1,137,51.28449386086707,25,1282.1123465216767,0.8923738050987171
2022-05-18,2,138,51.322222492778536,32,1642.3111197689132,1.020742168048053
2022-05-19,3,139,51.23188941956985,37,1895.5799085240847,1.1491279515565818
2022-05-20,4,140,51.22862511392301,29,1485.6301283037672,1.1785623116257882
2022-05-21,5,141,51.23050992165294,31,1588.145807571241,1.0846026567567904
2022-05-22,6,142,51.27995342810885,31,1589.6785562713742,0.93573911332832
2022-05-23,0,143,51.136961614520175,20,1022.7392322904035,0.8418207546319879
2022-05-24,1,144,51.1989521407056,22,1126.3769470955233,0.871337694809614
2022-05-25,2,145,50.916036313839165,25,1272.9009078459792,0.9998473178920156
2022-05-26,3,146,50.850141897187385,29,1474.6541150184341,1.128380743184397
2022-05-27,4,147,50.799061870071434,33,1676.3690417123573,1.1579690829387963
2022-05-28,5,148,50.86531639496376,21,1068.171644294239,1.0641697000288242
2022-05-29,6,149,50.86768388727625,22,1119.0890455200774,0.9154726733411706
2022-05-30,0,150,50.720643041213954,28,1420.1780051539906,0.8217270268249418
2022-05-31,1,151,50.61759947999604,18,911.1167906399287,0.8514228234436146
2022-06-01,2,152,50.63838408771561,27,1367.2363703683213,0.9801173942289834
2022-06-02,3,153,50.6301125777241,23,1164.4925892876543,1.1088418036822467
2022-06-03,4,154,50.56952838776387,29,1466.516323245152,1.1386271074627436
2022-06-04,5,155,50.519226690496566,30,1515.576800714897,1.0450306100793514
2022-06-05,6,156,50.59205524914639,21,1062.4331602320742,0.8965423302994313
2022-06-06,0,157,50.5378976261881,26,1313.9853382808906,0.8030112302158757
2022-06-07,1,158,50.52868209436462,21,1061.102323981657,0.832927309217415
2022-06-08,2,159,50.75568671784096,27,1370.403541381706,0.9618478330614101
2022-06-09,3,160,50.60675031909508,27,1366.382258615567,1.090803799294287
2022-06-10,4,161,50.41302260173798,32,1613.2167232556153,1.120826194960122
2022-06-11,5,162,50.49499664549329,30,1514.8498993647986,1.0274722543123649
2022-06-12,6,163,50.42400143141647,16,806.7840229026635,0.879231924243567
2022-06-13,0,164,50.39070949534881,17,856.6420614209297,0.7859540933737746
2022-06-14,1,165,50.30899000618593,28,1408.651720173206,0.8161286860425729
2022-06-15,2,166,50.28181140868313,31,1558.7361536691772,0.9453128914041591
2022-06-16,3,167,50.44904004764073,28,1412.5731213339404,1.0745376288704325
2022-06-17,4,168,50.53295349918049,24,1212.7908839803317,1.10483380584275
2022-06-18,5,169,50.623153703529084,21,1063.0862277741107,1.0117585754472502
2022-06-19,6,170,50.47499725908589,28,1413.2999232544048,0.8638018019886191
2022-06-20,0,171,50.35457105770979,26,1309.2188475004546,0.7708122900629606
2022-06-21,1,172,50.057565151796986,32,1601.8420848575036,0.8012798785747357
2022-06-22,2,173,49.9728930053628,28,1399.2410041501585,0.9307616698571523
2022-06-23,3,174,50.07297705749457,31,1552.2622887823316,1.0602884951409792
2022-06-24,4,175,50.12705663281924,24,1203.0493591876618,1.0908911723124382
2022-06-25,5,176,50.10388335894218,28,1402.9087340503809,0.9981267636750278
2022-06-26,6,177,50.10155044859971,27,1352.7418621121922,0.8504850414302503
2022-06-27,0,178,50.0294837328857,21,1050.6191583905998,0.757814716817731
2022-06-28,1,179,50.05090427266477,30,1501.5271281799432,0.7886055341598556
2022-06-29,2,180,50.131025466720494,31,1554.0617894683353,0.9184145000101391
2022-06-30,3,181,49.96198192241998,27,1348.9735119053394,1.0482723486504564
2022-07-01,4,182,49.993329110594374,23,1149.8465695436705,1.079209799877669
2022-07-02,5,183,50.09087436973234,29,1452.635356722238,0.9867838167945076
2022-07-03,6,184,50.047449282880194,31,1551.470927769286,0.8394840713196867
2022-07-04,0,185,50.12075201416636,23,1152.7772963258262,0.7471591733577342
2022-07-05,1,186,50.415202817887156,22,1109.1344619935173,0.7782987648736324
2022-07-06,2,187,50.40428715492973,24,1209.7028917183136,0.9084597490716245
2022-07-07,3,188,50.44543237515759,29,1462.91753887957,1.0386727559229214
2022-07-08,4,189,50.36822165328631,24,1208.8373196788716,1.0699683999833518
2022-07-09,5,190,50.38718296862941,22,1108.518025309847,0.9779035382153775
2022-07-10,6,191,50.435333586255695,25,1260.8833396563923,0.8309677355296724
2022-07-11,0,192,50.45571672202714,21,1059.57005116257,0.739009493986661
2022-07-12,1,193,50.34904284345272,18,906.282771182149,0.7705183469031177
2022-07-13,2,194,50.370631067024306,19,957.0419902734618,0.901051088063165
2022-07-14,3,195,50.523596476401,25,1263.0899119100252,1.0316382372784045
2022-07-15,4,196,50.570529826140834,26,1314.8337754796617,1.0633102982382063
2022-07-16,5,197,50.671166656195616,34,1722.819666310651,0.9716240163645967
2022-07-17,6,198,50.646372008597325,18,911.6346961547519,0.8250688443868024
2022-07-18,0,199,50.72482168423774,17,862.3219686320416,0.7334931715762063
2022-07-19,1,200,50.75403686536867,26,1319.6049584995853,0.7653864178861955
2022-07-20,2,201,50.65455878230486,18,911.7820580814875,0.8963052631968367
2022-07-21,3,202,50.687880373894615,28,1419.2606504690493,1.0272801129087392
2022-07-22,4,203,50.584135532260255,36,1821.028879161369,1.0593413558272484
2022-07-23,5,204,50.517927722642696,34,1717.6095425698518,0.9680456220513745
2022-07-24,6,205,50.53773401622122,22,1111.8301483568669,0.8218822485824947
2022-07-25,0,206,50.568829774839145,22,1112.5142550464611,0.7306995085936858
2022-07-26,1,207,50.444420025059564,18,907.9995604510722,0.7629867056038342
2022-07-27,2,208,50.55468114718222,14,707.7655360605511,0.8943004027568834
2022-07-28,3,209,50.61452071601799,27,1366.5920593324859,1.0256708884503727
2022-07-29,4,210,50.54079662008926,28,1415.1423053624992,1.058128434254115
2022-07-30,5,211,50.37994451975686,21,1057.9788349148942,0.9672295528340513
2022-07-31,6,212,50.36478554709606,23,1158.3900675832094,0.8214634635956665
2022-08-01,0,213,50.318133822150386,17,855.4082749765565,0.7306783219880983
2022-08-02,1,214,50.32996983938441,13,654.2896079119973,0.7633633137132707
2022-08-03,2,215,50.291982940874846,16,804.6717270539975,0.8950748840399707
2022-08-04,3,216,50.08197588752519,33,1652.7052042883313,1.0268432034673305
2022-08-05,4,217,50.04134956185674,33,1651.3645355412725,1.05969842567844
2022-08-06,5,218,50.00937768230214,27,1350.2531974221577,0.9691969454991367
2022-08-07,6,219,50.07566716888465,27,1352.0430135598856,0.8238278645763563
